// Jest Snapshot v1, https://goo.gl/fbAQLP

exports[`SideBar snapshot testing renders correctly 1`] = `null`;
